// Vitest Snapshot v1, https://vitest.dev/guide/snapshot.html

exports[`toUpperCase 1`] = `
"<div class="w-screen h-screen bg-neutral-800 flex items-center justify-center text-neutral-100">
  <div class="bg-neutral-950">
    <div class="bg-[#181818] p-4 w-full max-w-xl mx-auto">
      <div class="flex flex-col gap-6">
        <!-- Unit Row -->
        <div class="flex items-center justify-between"><span class="w-24 font-inter text-xs font-normal leading-5 text-[#AAAAAA]">Unit</span>
          <div class="flex items-center h-[36px] w-[140px] rounded-[6px] bg-[#212121] p-0.5 gap-1"><button class="flex-1 h-full flex items-center justify-center rounded-[6px] font-inter text-xs font-normal leading-5 transition-colors duration-150 bg-[#3a3a3a] text-white">%</button><button class="flex-1 h-full flex items-center justify-center rounded-[6px] font-inter text-xs font-normal leading-5 transition-colors duration-150 bg-transparent text-[#AAAAAA] hover:bg-[#3b3b3b] hover:text-white cursor-pointer">px</button></div>
        </div><!-- Value Row -->
        <div class="flex items-center justify-between"><span class="w-24 font-inter text-xs font-normal leading-5 text-[#AAAAAA]">Value</span>
          <div class="flex items-center h-[36px] w-[140px] rounded-[6px] justify-between bg-[#212121]">
            <div class="relative flex items-center h-full"><button class="h-full w-[36px] flex items-center justify-center rounded-l-[6px] font-inter text-xs font-normal leading-none transition-colors duration-150 text-gray-200 disabled:text-gray-600 hover:bg-[#3b3b3b] hover:text-white text-[18px] cursor-not-allowed" disabled=""> - </button>
              <transition-stub name="fade" appear="false" persisted="false" css="true">
                <!--v-if-->
              </transition-stub>
            </div><input class="h-full w-[36px] flex items-center justify-center text-center bg-transparent outline-none border-none rounded-none font-inter text-xs font-normal leading-none text-white focus:outline-none focus:ring-0 transition-colors duration-150" step="1" min="0" max="10000" inputmode="decimal" autocomplete="off" type="text">
            <div class="relative flex items-center h-full"><button class="h-full w-[36px] flex items-center justify-center rounded-r-[6px] font-inter text-xs font-normal leading-none transition-colors duration-150 text-gray-200 disabled:text-gray-600 hover:bg-[#3b3b3b] hover:text-white text-[18px] cursor-pointer"> + </button>
              <transition-stub name="fade" appear="false" persisted="false" css="true">
                <!--v-if-->
              </transition-stub>
            </div>
          </div>
        </div>
      </div>
    </div>
  </div>
</div>"
`;
